src/services/notification.service.ts(5,24): error TS2307: Cannot find module '../entity/Member' or its corresponding type declarations.
src/utils/id.generator.ts(2,24): error TS2307: Cannot find module '../entity/Member' or its corresponding type declarations.
src/utils/id.generator.ts(3,23): error TS2307: Cannot find module '../entity/Order' or its corresponding type declarations.
src/utils/id.generator.ts(4,26): error TS2307: Cannot find module '../entity/Training' or its corresponding type declarations.
